// Jest Snapshot v1, https://goo.gl/fbAQLP

exports[`should match a React Component 1`] = `
<button
  onClick={[Function]}
>
  Click me
</button>
`;

exports[`should match a function 1`] = `undefined`;
